// 重构日志: 7531511f
// 重构日志: 41ee5750
// 同步 ID: 3578bad9 @ Thu Jul 23 13:19:28 UTC 2026
// 重构日志: 0866846a
// 同步 ID: dd71cac2 @ Thu Jul 23 18:33:57 UTC 2026
// 重构日志: 6a67ecf8
// 同步 ID: e0591788 @ Fri Jul 24 16:26:31 UTC 2026
// 同步 ID: baee97cf @ Fri Jul 24 19:48:46 UTC 2026
// 同步 ID: 9483d7a9 @ Sat Jul 25 09:34:22 UTC 2026
// 同步 ID: 94efed66 @ Sat Jul 25 19:35:24 UTC 2026
// 重构日志: 5d5a6792
// 重构日志: 31f1a193
// 重构日志: 19df866c
// 重构日志: 531a1b92
// 同步 ID: 9c3e77d9 @ Wed Jul 29 15:40:12 UTC 2026
// 重构日志: 5ad52c68
// 重构日志: 52596677
// 重构日志: d0c0f2f9
// 重构日志: c0965847
// 重构日志: 992bbc5b
// 重构日志: 1ab0a78f
// 重构日志: 1aaf3257
// 重构日志: 9329c106
// 同步 ID: d48313c8 @ Sat Aug  1 15:17:41 UTC 2026
// 同步 ID: 5d9579d2 @ Sun Aug  2 00:42:13 UTC 2026
// 重构日志: 473184a6
// 同步 ID: 6e641d9c @ Tue Aug  4 07:32:43 UTC 2026
// 重构日志: 7daf0798
// 同步 ID: 41c2564f @ Wed Aug  5 07:06:26 UTC 2026
// 同步 ID: dbcdf0c4 @ Wed Aug  5 12:26:47 UTC 2026
// 重构日志: ef940724
// 重构日志: 186e8d79
